motif library size: 29 from [('kolam19', 323), ('kolam19', 387), ('kolam29', 51), ('kolam19', 163), ('kolam19', 51)]
=== running baseline ===
{
  "variant": "baseline",
  "n_candidates": 60,
  "n_restarts": 6,
  "validity_rate": 0.6833333333333333,
  "raw_validity_rate_before_repair": 0.016666666666666666,
  "post_repair_validity_rate": 0.6833333333333333,
  "connectivity_failure_rate": 0.31666666666666665,
  "multiplicity_violation_rate": 0.6333333333333333,
  "uniqueness_rate": 1.0,
  "avg_symmetry_coverage": 0.21938153989564127,
  "avg_latency_seconds": 9.479105508327484,
  "avg_n_edges": 321.4,
  "total_time_seconds": 571.2836246490479,
  "n_repair_fallback_used": 0
}
=== running variant_A_hard_cap_2 ===
{
  "variant": "variant_A_hard_cap_2",
  "n_candidates": 60,
  "n_restarts": 6,
  "validity_rate": 0.13333333333333333,
  "raw_validity_rate_before_repair": 0.016666666666666666,
  "post_repair_validity_rate": 0.13333333333333333,
  "connectivity_failure_rate": 0.31666666666666665,
  "multiplicity_violation_rate": 0.0,
  "uniqueness_rate": 1.0,
  "avg_symmetry_coverage": 0.222968138486667,
  "avg_latency_seconds": 9.388186168670654,
  "avg_n_edges": 321.4,
  "total_time_seconds": 565.7129557132721,
  "n_repair_fallback_used": 0
}
=== running variant_B_soft_two_tier ===
{
  "variant": "variant_B_soft_two_tier",
  "n_candidates": 60,
  "n_restarts": 6,
  "validity_rate": 0.6833333333333333,
  "raw_validity_rate_before_repair": 0.016666666666666666,
  "post_repair_validity_rate": 0.6833333333333333,
  "connectivity_failure_rate": 0.31666666666666665,
  "multiplicity_violation_rate": 0.55,
  "uniqueness_rate": 1.0,
  "avg_symmetry_coverage": 0.2195551510067524,
  "avg_latency_seconds": 9.41523297627767,
  "avg_n_edges": 321.4,
  "total_time_seconds": 567.3500645160675,
  "n_repair_fallback_used": 52
}
=== running variant_C_reroute_aware ===
