# Structural dataset report -- real kolam19 + kolam29 corpus

500 patterns measured (kolam19, kolam29), analysis time 137.7s.
Generated by `experiments/m5_generation/analyze_structural_dataset.py`.

## A. Edge multiplicity

| multiplicity | count | fraction |
|---|---|---|
| 1 | 135660 | 0.7455 |
| 2 | 46306 | 0.2545 |
| 3+ | 0 | 0.0000 |

**Maximum observed multiplicity in real data: 2**
**Patterns containing any multiplicity > 2: 0 / 500 (0.0000)**

## B. Node degree

min=2, max=4, mean=3.557, median=4.0
Percentiles: {'p0': 2, 'p5': 2, 'p25': 4, 'p50': 4, 'p75': 4, 'p95': 4, 'p100': 4}

## C. Connectivity

Mean connected components per pattern: 1.0000
Fraction fully connected (single component): 1.0000 (500/500)

## D. Edge locality (Euclidean length in lattice units)

Edge length percentiles: {'p0': 1.4142135623730951, 'p5': 1.4142135623730951, 'p25': 1.4142135623730951, 'p50': 1.4142135623730951, 'p75': 2.0, 'p95': 2.0, 'p100': 2.0}
Edge length mean: 1.5750
Nearest-neighbor distance mean: 1.4503
Long edges (length > sqrt(2)): 62672 (0.2745 of all edges)

## E. Dot/lattice utilization

Mean utilization (dots used / bounding-box capacity): 0.1631
Median: 0.1633

## F. Symmetry (D4 dominant-motif tile coverage)

Mean coverage: 0.1974
Median coverage: 0.1900
Fraction "high symmetry" (coverage >= 0.5): 0.0000

## G. Structural complexity

Nodes: mean=256.7, median=204.0
Distinct edges: mean=363.9, median=290.0
Multiplicity-weighted edge instances: mean=456.5, median=364.0

Closed-loop (Eulerian circuit): 1.0000
Open single-stroke (Eulerian path): 0.0000
Neither (hard-gate failure -- should be ~0 for verified real data): 0.0000

## H. Motifs

Distinct motif shapes across corpus: 361
Motif size (edges per motif) mean: 4.882
Motif types per pattern: mean=11.65, median=11.0
Motif induction failures: 0

wrote C:\Users\chauh\OneDrive\Desktop\PULLI\experiments\m5_generation\results\structural_dataset_report.json
wrote C:\Users\chauh\OneDrive\Desktop\PULLI\experiments\m5_generation\results\structural_dataset_report.md
